Archive member included to satisfy reference by file (symbol)

f:/mounriver/mounriver_studio/toolchain/risc-v embedded gcc/bin/../lib/gcc/riscv-none-embed/8.2.0/rv32imacxw/ilp32\libgcc.a(addsf3.o)
                              ./User/PWM.o (__addsf3)
f:/mounriver/mounriver_studio/toolchain/risc-v embedded gcc/bin/../lib/gcc/riscv-none-embed/8.2.0/rv32imacxw/ilp32\libgcc.a(divsf3.o)
                              ./User/PWM.o (__divsf3)
f:/mounriver/mounriver_studio/toolchain/risc-v embedded gcc/bin/../lib/gcc/riscv-none-embed/8.2.0/rv32imacxw/ilp32\libgcc.a(mulsf3.o)
                              ./User/PWM.o (__mulsf3)
f:/mounriver/mounriver_studio/toolchain/risc-v embedded gcc/bin/../lib/gcc/riscv-none-embed/8.2.0/rv32imacxw/ilp32\libgcc.a(fixunssfsi.o)
                              ./User/PWM.o (__fixunssfsi)
f:/mounriver/mounriver_studio/toolchain/risc-v embedded gcc/bin/../lib/gcc/riscv-none-embed/8.2.0/rv32imacxw/ilp32\libgcc.a(save-restore.o)
                              ./User/LCD.o (__riscv_save_12)
f:/mounriver/mounriver_studio/toolchain/risc-v embedded gcc/bin/../lib/gcc/riscv-none-embed/8.2.0/rv32imacxw/ilp32\libgcc.a(_clzsi2.o)
                              f:/mounriver/mounriver_studio/toolchain/risc-v embedded gcc/bin/../lib/gcc/riscv-none-embed/8.2.0/rv32imacxw/ilp32\libgcc.a(addsf3.o) (__clzsi2)
f:/mounriver/mounriver_studio/toolchain/risc-v embedded gcc/bin/../lib/gcc/riscv-none-embed/8.2.0/rv32imacxw/ilp32\libgcc.a(_clz.o)
                              f:/mounriver/mounriver_studio/toolchain/risc-v embedded gcc/bin/../lib/gcc/riscv-none-embed/8.2.0/rv32imacxw/ilp32\libgcc.a(_clzsi2.o) (__clz_tab)
f:/mounriver/mounriver_studio/toolchain/risc-v embedded gcc/bin/../lib/gcc/riscv-none-embed/8.2.0/../../../../riscv-none-embed/lib/rv32imacxw/ilp32\libg_nano.a(lib_a-memset.o)
                              ./User/AS608.o (memset)
f:/mounriver/mounriver_studio/toolchain/risc-v embedded gcc/bin/../lib/gcc/riscv-none-embed/8.2.0/../../../../riscv-none-embed/lib/rv32imacxw/ilp32\libg_nano.a(lib_a-printf.o)
                              ./User/AS608.o (printf)
f:/mounriver/mounriver_studio/toolchain/risc-v embedded gcc/bin/../lib/gcc/riscv-none-embed/8.2.0/../../../../riscv-none-embed/lib/rv32imacxw/ilp32\libg_nano.a(lib_a-puts.o)
                              ./User/AS608.o (puts)
f:/mounriver/mounriver_studio/toolchain/risc-v embedded gcc/bin/../lib/gcc/riscv-none-embed/8.2.0/../../../../riscv-none-embed/lib/rv32imacxw/ilp32\libg_nano.a(lib_a-strstr.o)
                              ./User/AS608.o (strstr)
f:/mounriver/mounriver_studio/toolchain/risc-v embedded gcc/bin/../lib/gcc/riscv-none-embed/8.2.0/../../../../riscv-none-embed/lib/rv32imacxw/ilp32\libg_nano.a(lib_a-vsnprintf.o)
                              ./User/LCD.o (vsnprintf)
f:/mounriver/mounriver_studio/toolchain/risc-v embedded gcc/bin/../lib/gcc/riscv-none-embed/8.2.0/../../../../riscv-none-embed/lib/rv32imacxw/ilp32\libg_nano.a(lib_a-wbuf.o)
                              f:/mounriver/mounriver_studio/toolchain/risc-v embedded gcc/bin/../lib/gcc/riscv-none-embed/8.2.0/../../../../riscv-none-embed/lib/rv32imacxw/ilp32\libg_nano.a(lib_a-puts.o) (__swbuf_r)
f:/mounriver/mounriver_studio/toolchain/risc-v embedded gcc/bin/../lib/gcc/riscv-none-embed/8.2.0/../../../../riscv-none-embed/lib/rv32imacxw/ilp32\libg_nano.a(lib_a-wsetup.o)
                              f:/mounriver/mounriver_studio/toolchain/risc-v embedded gcc/bin/../lib/gcc/riscv-none-embed/8.2.0/../../../../riscv-none-embed/lib/rv32imacxw/ilp32\libg_nano.a(lib_a-puts.o) (__swsetup_r)
f:/mounriver/mounriver_studio/toolchain/risc-v embedded gcc/bin/../lib/gcc/riscv-none-embed/8.2.0/../../../../riscv-none-embed/lib/rv32imacxw/ilp32\libg_nano.a(lib_a-fflush.o)
                              f:/mounriver/mounriver_studio/toolchain/risc-v embedded gcc/bin/../lib/gcc/riscv-none-embed/8.2.0/../../../../riscv-none-embed/lib/rv32imacxw/ilp32\libg_nano.a(lib_a-wbuf.o) (_fflush_r)
f:/mounriver/mounriver_studio/toolchain/risc-v embedded gcc/bin/../lib/gcc/riscv-none-embed/8.2.0/../../../../riscv-none-embed/lib/rv32imacxw/ilp32\libg_nano.a(lib_a-findfp.o)
                              f:/mounriver/mounriver_studio/toolchain/risc-v embedded gcc/bin/../lib/gcc/riscv-none-embed/8.2.0/../../../../riscv-none-embed/lib/rv32imacxw/ilp32\libg_nano.a(lib_a-printf.o) (__sinit)
f:/mounriver/mounriver_studio/toolchain/risc-v embedded gcc/bin/../lib/gcc/riscv-none-embed/8.2.0/../../../../riscv-none-embed/lib/rv32imacxw/ilp32\libg_nano.a(lib_a-fwalk.o)
                              f:/mounriver/mounriver_studio/toolchain/risc-v embedded gcc/bin/../lib/gcc/riscv-none-embed/8.2.0/../../../../riscv-none-embed/lib/rv32imacxw/ilp32\libg_nano.a(lib_a-findfp.o) (_fwalk)
f:/mounriver/mounriver_studio/toolchain/risc-v embedded gcc/bin/../lib/gcc/riscv-none-embed/8.2.0/../../../../riscv-none-embed/lib/rv32imacxw/ilp32\libg_nano.a(lib_a-impure.o)
[...]
Memory Configuration

Name             Origin             Length             Attributes
FLASH            0x0000000000000000 0x0000000000048000 xr
RAM              0x0000000020000000 0x0000000000008000 xrw
*default*        0x0000000000000000 0xffffffffffffffff

Linker script and memory map

LOAD ./User/AP3216C.o
LOAD ./User/AS608.o
LOAD ./User/IIC.o
LOAD ./User/LCD.o
LOAD ./User/PWM.o
LOAD ./User/ch32v30x_it.o
LOAD ./User/keyboard.o
LOAD ./User/main.o
LOAD ./User/ov2640.o
LOAD ./User/system_ch32v30x.o
LOAD ./Startup/startup_ch32v30x_D8C.o
LOAD ./Peripheral/src/ch32v30x_adc.o
LOAD ./Peripheral/src/ch32v30x_bkp.o
LOAD ./Peripheral/src/ch32v30x_can.o
LOAD ./Peripheral/src/ch32v30x_crc.o
LOAD ./Peripheral/src/ch32v30x_dac.o
LOAD ./Peripheral/src/ch32v30x_dbgmcu.o
LOAD ./Peripheral/src/ch32v30x_dma.o
LOAD ./Peripheral/src/ch32v30x_dvp.o
LOAD ./Peripheral/src/ch32v30x_eth.o
LOAD ./Peripheral/src/ch32v30x_exti.o
LOAD ./Peripheral/src/ch32v30x_flash.o
LOAD ./Peripheral/src/ch32v30x_fsmc.o
LOAD ./Peripheral/src/ch32v30x_gpio.o
LOAD ./Peripheral/src/ch32v30x_i2c.o
LOAD ./Peripheral/src/ch32v30x_iwdg.o
LOAD ./Peripheral/src/ch32v30x_misc.o
LOAD ./Peripheral/src/ch32v30x_opa.o
LOAD ./Peripheral/src/ch32v30x_pwr.o
LOAD ./Peripheral/src/ch32v30x_rcc.o
LOAD ./Peripheral/src/ch32v30x_rng.o
LOAD ./Peripheral/src/ch32v30x_rtc.o
LOAD ./Peripheral/src/ch32v30x_sdio.o
LOAD ./Peripheral/src/ch32v30x_spi.o
LOAD ./Peripheral/src/ch32v30x_tim.o
LOAD ./Peripheral/src/ch32v30x_usart.o
LOAD ./Peripheral/src/ch32v30x_wwdg.o
LOAD ./Debug/debug.o
LOAD ./Core/core_riscv.o
LOAD f:/mounriver/mounriver_studio/toolchain/risc-v embedded gcc/bin/../lib/gcc/riscv-none-embed/8.2.0/../../../../riscv-none-embed/lib/rv32imacxw/ilp32\libm.a
LOAD f:/mounriver/mounriver_studio/toolchain/risc-v embedded gcc/bin/../lib/gcc/riscv-none-embed/8.2.0/rv32imacxw/ilp32\libgcc.a
LOAD f:/mounriver/mounriver_studio/toolchain/risc-v embedded gcc/bin/../lib/gcc/riscv-none-embed/8.2.0/../../../../riscv-none-embed/lib/rv32imacxw/ilp32\libg_nano.a
LOAD f:/mounriver/mounriver_studio/toolchain/risc-v embedded gcc/bin/../lib/gcc/riscv-none-embed/8.2.0/../../../../riscv-none-embed/lib/rv32imacxw/ilp32\libc_nano.a
LOAD f:/mounriver/mounriver_studio/toolchain/risc-v embedded gcc/bin/../lib/gcc/riscv-none-embed/8.2.0/rv32imacxw/ilp32\libgcc.a
START GROUP
LOAD f:/mounriver/mounriver_studio/toolchain/risc-v embedded gcc/bin/../lib/gcc/riscv-none-embed/8.2.0/rv32imacxw/ilp32\libgcc.a
LOAD f:/mounriver/mounriver_studio/toolchain/risc-v embedded gcc/bin/../lib/gcc/riscv-none-embed/8.2.0/../../../../riscv-none-embed/lib/rv32imacxw/ilp32\libc_nano.a
LOAD f:/mounriver/mounriver_studio/toolchain/risc-v embedded gcc/bin/../lib/gcc/riscv-none-embed/8.2.0/../../../../riscv-none-embed/lib/rv32imacxw/ilp32\libnosys.a
END GROUP
START GROUP
LOAD f:/mounriver/mounriver_studio/toolchain/risc-v embedded gcc/bin/../lib/gcc/riscv-none-embed/8.2.0/rv32imacxw/ilp32\libgcc.a
LOAD f:/mounriver/mounriver_studio/toolchain/risc-v embedded gcc/bin/../lib/gcc/riscv-none-embed/8.2.0/../../../../riscv-none-embed/lib/rv32imacxw/ilp32\libc_nano.a
LOAD f:/mounriver/mounriver_studio/toolchain/risc-v embedded gcc/bin/../lib/gcc/riscv-none-embed/8.2.0/../../../../riscv-none-embed/lib/rv32imacxw/ilp32\libnosys.a
END GROUP
                0x0000000000000800                __stack_size = 0x800
                [!provide]                        PROVIDE (_stack_size = __stack_size)

.init           0x0000000000000000       0x38
                0x0000000000000000                _sinit = .
                0x0000000000000000                . = ALIGN (0x4)
 *(SORT_NONE(.init))
 .init          0x0000000000000000       0x38 ./Startup/startup_ch32v30x_D8C.o
                0x0000000000000000                _start
                0x0000000000000038                . = ALIGN (0x4)
                0x0000000000000038                _einit = .

.vector         0x0000000000000038      0x1c8
 *(.vector)
 .vector        0x0000000000000038      0x1a0 ./Startup/startup_ch32v30x_D8C.o
                0x0000000000000200                . = ALIGN (0x40)
 *fill*         0x00000000000001d8       0x28 

.text           0x0000000000000200     0x2384
                0x0000000000000200                . = ALIGN (0x4)
 *(.text)
 .text          0x0000000000000200       0x60 f:/mounriver/mounriver_studio/toolchain/risc-v embedded gcc/bin/../lib/gcc/riscv-none-embed/8.2.0/rv32imacxw/ilp32\libgcc.a(save-restore.o)
                0x0000000000000200                __riscv_save_12
                0x0000000000000208                __riscv_save_9
                0x0000000000000208                __riscv_save_11
                0x0000000000000208                __riscv_save_10
                0x0000000000000208                __riscv_save_8
                0x0000000000000216                __riscv_save_4
                0x0000000000000216                __riscv_save_6
                0x0000000000000216                __riscv_save_5
                0x0000000000000216                __riscv_save_7
                0x0000000000000230                __riscv_save_3
                0x0000000000000230                __riscv_save_2
                0x0000000000000230                __riscv_save_1
                0x0000000000000230                __riscv_save_0
                0x000000000000023c                __riscv_restore_12
                0x0000000000000240                __riscv_restore_11
                0x0000000000000240                __riscv_restore_9
                0x0000000000000240                __riscv_restore_10
                0x0000000000000240                __riscv_restore_8
                0x000000000000024a                __riscv_restore_5
                0x000000000000024a                __riscv_restore_7
                0x000000000000024a                __riscv_restore_6
                0x000000000000024a                __riscv_restore_4
                0x0000000000000254                __riscv_restore_3
                0x0000000000000254                __riscv_restore_0
                0x0000000000000254                __riscv_restore_2
                0x0000000000000254                __riscv_restore_1
 .text          0x0000000000000260       0xa8 f:/mounriver/mounriver_studio/toolchain/risc-v embedded gcc/bin/../lib/gcc/riscv-none-embed/8.2.0/../../../../riscv-none-embed/lib/rv32imacxw/ilp32\libg_nano.a(lib_a-memset.o)
                0x0000000000000260                memset
 *(.text.*)
 .text.AS608_PIN_Init
                0x0000000000000308       0xf2 ./User/AS608.o
                0x0000000000000308                AS608_PIN_Init
 .text.Uart8_SendData
                0x00000000000003fa       0x1e ./User/AS608.o
                0x00000000000003fa                Uart8_SendData
 .text.UART8_IRQHandler
                0x0000000000000418       0x30 ./User/AS608.o
                0x0000000000000418                UART8_IRQHandler
 .text.EXTI15_10_IRQHandler
                0x0000000000000448       0x5c ./User/AS608.o
                0x0000000000000448                EXTI15_10_IRQHandler
 .text.as608_send_head
                0x00000000000004a4       0x14 ./User/AS608.o
                0x00000000000004a4                as608_send_head
 .text.as608_send_address
                0x00000000000004b8       0x1e ./User/AS608.o
                0x00000000000004b8                as608_send_address
 .text.as608_send_length
                0x00000000000004d6       0x12 ./User/AS608.o
                0x00000000000004d6                as608_send_length
 .text.as608_detection_checknum
                0x00000000000004e8       0x8c ./User/AS608.o
                0x00000000000004e8                as608_detection_checknum
 .text.as608_detection_data
                0x0000000000000574       0x42 ./User/AS608.o
                0x0000000000000574                as608_detection_data
 .text.PS_ValidTempleteNum
                0x00000000000005b6       0x52 ./User/AS608.o
                0x00000000000005b6                PS_ValidTempleteNum
 .text.as608_find_fingerprints_num
                0x0000000000000608       0x2c ./User/AS608.o
                0x0000000000000608                as608_find_fingerprints_num
 .text.NMI_Handler
                0x0000000000000634        0x4 ./User/ch32v30x_it.o
                0x0000000000000634                NMI_Handler
 .text.HardFault_Handler
                0x0000000000000638        0x2 ./User/ch32v30x_it.o
                0x0000000000000638                HardFault_Handler
 .text.keyboard_Pin_Init
                0x000000000000063a       0x40 ./User/keyboard.o
                0x000000000000063a                keyboard_Pin_Init
 .text.startup.main
                0x000000000000067a       0x54 ./User/main.o
                0x000000000000067a                main
 .text.DVP_IRQHandler
                0x00000000000006ce      0x120 ./User/ov2640.o
                0x00000000000006ce                DVP_IRQHandler
 .text.SystemInit
                0x00000000000007ee       0xfa ./User/system_ch32v30x.o
                0x00000000000007ee                SystemInit
 .text.SystemCoreClockUpdate
                0x00000000000008e8       0xba ./User/system_ch32v30x.o
                0x00000000000008e8                SystemCoreClockUpdate
 .text.vector_handler
                0x00000000000009a2       0xbe ./Startup/startup_ch32v30x_D8C.o
                0x00000000000009a6                Ecall_M_Mode_Handler
                0x00000000000009a8                Ecall_U_Mode_Handler
                0x00000000000009aa                Break_Point_Handler
                0x00000000000009ac                SysTick_Handler
                0x00000000000009ae                SW_Handler
                0x00000000000009b0                WWDG_IRQHandler
                0x00000000000009b2                PVD_IRQHandler
                0x00000000000009b4                TAMPER_IRQHandler
                0x00000000000009b6                RTC_IRQHandler
                0x00000000000009b8                FLASH_IRQHandler
                0x00000000000009ba                RCC_IRQHandler
                0x00000000000009bc                EXTI0_IRQHandler
                0x00000000000009be                EXTI1_IRQHandler
                0x00000000000009c0                EXTI2_IRQHandler
                0x00000000000009c2                EXTI3_IRQHandler
                0x00000000000009c4                EXTI4_IRQHandler
                0x00000000000009c6                DMA1_Channel1_IRQHandler
                0x00000000000009c8                DMA1_Channel2_IRQHandler
                0x00000000000009ca                DMA1_Channel3_IRQHandler
                0x00000000000009cc                DMA1_Channel4_IRQHandler
                0x00000000000009ce                DMA1_Channel5_IRQHandler
                0x00000000000009d0                DMA1_Channel6_IRQHandler
                0x00000000000009d2                DMA1_Channel7_IRQHandler
                0x00000000000009d4                ADC1_2_IRQHandler
                0x00000000000009d6                USB_HP_CAN1_TX_IRQHandler
                0x00000000000009d8                USB_LP_CAN1_RX0_IRQHandler
                0x00000000000009da                CAN1_RX1_IRQHandler
                0x00000000000009dc                CAN1_SCE_IRQHandler
                0x00000000000009de                EXTI9_5_IRQHandler
                0x00000000000009e0                TIM1_BRK_IRQHandler
                0x00000000000009e2                TIM1_UP_IRQHandler
                0x00000000000009e4                TIM1_TRG_COM_IRQHandler
                0x00000000000009e6                TIM1_CC_IRQHandler
                0x00000000000009e8                TIM2_IRQHandler
                0x00000000000009ea                TIM3_IRQHandler
                0x00000000000009ec                TIM4_IRQHandler
                0x00000000000009ee                I2C1_EV_IRQHandler
                0x00000000000009f0                I2C1_ER_IRQHandler
                0x00000000000009f2                I2C2_EV_IRQHandler
                0x00000000000009f4                I2C2_ER_IRQHandler
                0x00000000000009f6                SPI1_IRQHandler
                0x00000000000009f8                SPI2_IRQHandler
                0x00000000000009fa                USART1_IRQHandler
                0x00000000000009fc                USART2_IRQHandler
                0x00000000000009fe                USART3_IRQHandler
                0x0000000000000a02                RTCAlarm_IRQHandler
                0x0000000000000a04                USBWakeUp_IRQHandler
                0x0000000000000a06                TIM8_BRK_IRQHandler
                0x0000000000000a08                TIM8_UP_IRQHandler
                0x0000000000000a0a                TIM8_TRG_COM_IRQHandler
                0x0000000000000a0c                TIM8_CC_IRQHandler
                0x0000000000000a0e                RNG_IRQHandler
                0x0000000000000a10                FSMC_IRQHandler
                0x0000000000000a12                SDIO_IRQHandler
                0x0000000000000a14                TIM5_IRQHandler
                0x0000000000000a16                SPI3_IRQHandler
                0x0000000000000a18                UART4_IRQHandler
                0x0000000000000a1a                UART5_IRQHandler
                0x0000000000000a1c                TIM6_IRQHandler
                0x0000000000000a1e                TIM7_IRQHandler
                0x0000000000000a20                DMA2_Channel1_IRQHandler
                0x0000000000000a22                DMA2_Channel2_IRQHandler
                0x0000000000000a24                DMA2_Channel3_IRQHandler
                0x0000000000000a26                DMA2_Channel4_IRQHandler
                0x0000000000000a28                DMA2_Channel5_IRQHandler
                0x0000000000000a2a                ETH_IRQHandler
                0x0000000000000a2c                ETH_WKUP_IRQHandler
                0x0000000000000a2e                CAN2_TX_IRQHandler
                0x0000000000000a30                CAN2_RX0_IRQHandler
                0x0000000000000a32                CAN2_RX1_IRQHandler
                0x0000000000000a34                CAN2_SCE_IRQHandler
                0x0000000000000a36                OTG_FS_IRQHandler
                0x0000000000000a38                USBHSWakeup_IRQHandler
                0x0000000000000a3a                USBHS_IRQHandler
                0x0000000000000a3e                UART6_IRQHandler
                0x0000000000000a40                UART7_IRQHandler
                0x0000000000000a44                TIM9_BRK_IRQHandler
                0x0000000000000a46                TIM9_UP_IRQHandler
                0x0000000000000a48                TIM9_TRG_COM_IRQHandler
                0x0000000000000a4a                TIM9_CC_IRQHandler
                0x0000000000000a4c                TIM10_BRK_IRQHandler
                0x0000000000000a4e                TIM10_UP_IRQHandler
                0x0000000000000a50                TIM10_TRG_COM_IRQHandler
                0x0000000000000a52                TIM10_CC_IRQHandler
                0x0000000000000a54                DMA2_Channel6_IRQHandler
                0x0000000000000a56                DMA2_Channel7_IRQHandler
                0x0000000000000a58                DMA2_Channel8_IRQHandler
                0x0000000000000a5a                DMA2_Channel9_IRQHandler
                0x0000000000000a5c                DMA2_Channel10_IRQHandler
                0x0000000000000a5e                DMA2_Channel11_IRQHandler
 .text.handle_reset
                0x0000000000000a60       0x8a ./Startup/startup_ch32v30x_D8C.o
                0x0000000000000a60                handle_reset
 .text.DBGMCU_GetCHIPID
                0x0000000000000aea        0xa ./Peripheral/src/ch32v30x_dbgmcu.o
                0x0000000000000aea                DBGMCU_GetCHIPID
 .text.DMA_Cmd  0x0000000000000af4       0x14 ./Peripheral/src/ch32v30x_dma.o
                0x0000000000000af4                DMA_Cmd
 .text.DMA_SetCurrDataCounter
                0x0000000000000b08        0x4 ./Peripheral/src/ch32v30x_dma.o
                0x0000000000000b08                DMA_SetCurrDataCounter
 .text.EXTI_Init
                0x0000000000000b0c       0x6a ./Peripheral/src/ch32v30x_exti.o
                0x0000000000000b0c                EXTI_Init
 .text.EXTI_ClearFlag
                0x0000000000000b76        0xa ./Peripheral/src/ch32v30x_exti.o
                0x0000000000000b76                EXTI_ClearFlag
 .text.EXTI_GetITStatus
                0x0000000000000b80       0x1e ./Peripheral/src/ch32v30x_exti.o
                0x0000000000000b80                EXTI_GetITStatus
 .text.GPIO_Init
                0x0000000000000b9e       0xc0 ./Peripheral/src/ch32v30x_gpio.o
                0x0000000000000b9e                GPIO_Init
 .text.GPIO_SetBits
                0x0000000000000c5e        0x4 ./Peripheral/src/ch32v30x_gpio.o
                0x0000000000000c5e                GPIO_SetBits
 .text.GPIO_PinRemapConfig
                0x0000000000000c62       0xd6 ./Peripheral/src/ch32v30x_gpio.o
                0x0000000000000c62                GPIO_PinRemapConfig
 .text.GPIO_EXTILineConfig
                0x0000000000000d38       0x2c ./Peripheral/src/ch32v30x_gpio.o
                0x0000000000000d38                GPIO_EXTILineConfig
 .text.NVIC_PriorityGroupConfig
                0x0000000000000d64        0x6 ./Peripheral/src/ch32v30x_misc.o
                0x0000000000000d64                NVIC_PriorityGroupConfig
 .text.NVIC_Init
                0x0000000000000d6a       0xa6 ./Peripheral/src/ch32v30x_misc.o
                0x0000000000000d6a                NVIC_Init
 .text.RCC_GetClocksFreq
                0x0000000000000e10      0x176 ./Peripheral/src/ch32v30x_rcc.o
                0x0000000000000e10                RCC_GetClocksFreq
 .text.RCC_APB2PeriphClockCmd
                0x0000000000000f86       0x1e ./Peripheral/src/ch32v30x_rcc.o
                0x0000000000000f86                RCC_APB2PeriphClockCmd
 .text.RCC_APB1PeriphClockCmd
                0x0000000000000fa4       0x1e ./Peripheral/src/ch32v30x_rcc.o
                0x0000000000000fa4                RCC_APB1PeriphClockCmd
 .text.USART_Init
                0x0000000000000fc2       0xba ./Peripheral/src/ch32v30x_usart.o
                0x0000000000000fc2                USART_Init
 .text.USART_Cmd
                0x000000000000107c       0x16 ./Peripheral/src/ch32v30x_usart.o
                0x000000000000107c                USART_Cmd
 .text.USART_ITConfig
                0x0000000000001092       0x36 ./Peripheral/src/ch32v30x_usart.o
                0x0000000000001092                USART_ITConfig
 .text.USART_SendData
                0x00000000000010c8        0x8 ./Peripheral/src/ch32v30x_usart.o
                0x00000000000010c8                USART_SendData
 .text.USART_ReceiveData
                0x00000000000010d0        0x8 ./Peripheral/src/ch32v30x_usart.o
                0x00000000000010d0                USART_ReceiveData
 .text.USART_GetFlagStatus
                0x00000000000010d8        0xa ./Peripheral/src/ch32v30x_usart.o
                0x00000000000010d8                USART_GetFlagStatus
 .text.USART_GetITStatus
                0x00000000000010e2       0x3c ./Peripheral/src/ch32v30x_usart.o
                0x00000000000010e2                USART_GetITStatus
 .text.Delay_Init
                0x000000000000111e       0x26 ./Debug/debug.o
                0x000000000000111e                Delay_Init
 .text.Delay_Ms
                0x0000000000001144       0x36 ./Debug/debug.o
                0x0000000000001144                Delay_Ms
 .text.USART_Printf_Init
                0x000000000000117a       0x58 ./Debug/debug.o
                0x000000000000117a                USART_Printf_Init
 .text._write   0x00000000000011d2       0x3a ./Debug/debug.o
                0x00000000000011d2                _write
 .text._sbrk    0x000000000000120c       0x26 ./Debug/debug.o
                0x000000000000120c                _sbrk
 .text.printf   0x0000000000001232       0x40 f:/mounriver/mounriver_studio/toolchain/risc-v embedded gcc/bin/../lib/gcc/riscv-none-embed/8.2.0/../../../../riscv-none-embed/lib/rv32imacxw/ilp32\libg_nano.a(lib_a-printf.o)
                0x0000000000001232                iprintf
                0x0000000000001232                printf
 .text._puts_r  0x0000000000001272       0xd4 f:/mounriver/mounriver_studio/toolchain/risc-v embedded gcc/bin/../lib/gcc/riscv-none-embed/8.2.0/../../../../riscv-none-embed/lib/rv32imacxw/ilp32\libg_nano.a(lib_a-puts.o)
                0x0000000000001272                _puts_r
 .text.puts     0x0000000000001346        0xa f:/mounriver/mounriver_studio/toolchain/risc-v embedded gcc/bin/../lib/gcc/riscv-none-embed/8.2.0/../../../../riscv-none-embed/lib/rv32imacxw/ilp32\libg_nano.a(lib_a-puts.o)
                0x0000000000001346                puts
 .text.strstr   0x0000000000001350       0x34 f:/mounriver/mounriver_studio/toolchain/risc-v embedded gcc/bin/../lib/gcc/riscv-none-embed/8.2.0/../../../../riscv-none-embed/lib/rv32imacxw/ilp32\libg_nano.a(lib_a-strstr.o)
                0x0000000000001350                strstr
 .text.__swbuf_r
                0x0000000000001384       0xbc f:/mounriver/mounriver_studio/toolchain/risc-v embedded gcc/bin/../lib/gcc/riscv-none-embed/8.2.0/../../../../riscv-none-embed/lib/rv32imacxw/ilp32\libg_nano.a(lib_a-wbuf.o)
                0x0000000000001384                __swbuf_r
 .text.__swsetup_r
                0x0000000000001440       0xfc f:/mounriver/mounriver_studio/toolchain/risc-v embedded gcc/bin/../lib/gcc/riscv-none-embed/8.2.0/../../../../riscv-none-embed/lib/rv32imacxw/ilp32\libg_nano.a(lib_a-wsetup.o)
                0x0000000000001440                __swsetup_r
 .text.__sflush_r
                0x000000000000153c      0x130 f:/mounriver/mounriver_studio/toolchain/risc-v embedded gcc/bin/../lib/gcc/riscv-none-embed/8.2.0/../../../../riscv-none-embed/lib/rv32imacxw/ilp32\libg_nano.a(lib_a-fflush.o)
                0x000000000000153c                __sflush_r
 .text._fflush_r
                0x000000000000166c       0x64 f:/mounriver/mounriver_studio/toolchain/risc-v embedded gcc/bin/../lib/gcc/riscv-none-embed/8.2.0/../../../../riscv-none-embed/lib/rv32imacxw/ilp32\libg_nano.a(lib_a-fflush.o)
                0x000000000000166c                _fflush_r
 .text.std      0x00000000000016d0       0x66 f:/mounriver/mounriver_studio/toolchain/risc-v embedded gcc/bin/../lib/gcc/riscv-none-embed/8.2.0/../../../../riscv-none-embed/lib/rv32imacxw/ilp32\libg_nano.a(lib_a-findfp.o)
 .text._cleanup_r
                0x0000000000001736        0xa f:/mounriver/mounriver_studio/toolchain/risc-v embedded gcc/bin/../lib/gcc/riscv-none-embed/8.2.0/../../../../riscv-none-embed/lib/rv32imacxw/ilp32\libg_nano.a(lib_a-findfp.o)
                0x0000000000001736                _cleanup_r
 .text.__sfmoreglue
                0x0000000000001740       0x46 f:/mounriver/mounriver_studio/toolchain/risc-v embedded gcc/bin/../lib/gcc/riscv-none-embed/8.2.0/../../../../riscv-none-embed/lib/rv32imacxw/ilp32\libg_nano.a(lib_a-findfp.o)
                0x0000000000001740                __sfmoreglue
 .text.__sinit  0x0000000000001786       0x66 f:/mounriver/mounriver_studio/toolchain/risc-v embedded gcc/bin/../lib/gcc/riscv-none-embed/8.2.0/../../../../riscv-none-embed/lib/rv32imacxw/ilp32\libg_nano.a(lib_a-findfp.o)
                0x0000000000001786                __sinit
 .text.__sfp    0x00000000000017ec       0x9c f:/mounriver/mounriver_studio/toolchain/risc-v embedded gcc/bin/../lib/gcc/riscv-none-embed/8.2.0/../../../../riscv-none-embed/lib/rv32imacxw/ilp32\libg_nano.a(lib_a-findfp.o)
                0x00000000000017ec                __sfp
 .text._fwalk_reent
                0x0000000000001888       0x6a f:/mounriver/mounriver_studio/toolchain/risc-v embedded gcc/bin/../lib/gcc/riscv-none-embed/8.2.0/../../../../riscv-none-embed/lib/rv32imacxw/ilp32\libg_nano.a(lib_a-fwalk.o)
                0x0000000000001888                _fwalk_reent
 .text.__swhatbuf_r
                0x00000000000018f2       0x58 f:/mounriver/mounriver_studio/toolchain/risc-v embedded gcc/bin/../lib/gcc/riscv-none-embed/8.2.0/../../../../riscv-none-embed/lib/rv32imacxw/ilp32\libg_nano.a(lib_a-makebuf.o)
                0x00000000000018f2                __swhatbuf_r
 .text.__smakebuf_r
                0x000000000000194a       0x90 f:/mounriver/mounriver_studio/toolchain/risc-v embedded gcc/bin/../lib/gcc/riscv-none-embed/8.2.0/../../../../riscv-none-embed/lib/rv32imacxw/ilp32\libg_nano.a(lib_a-makebuf.o)
                0x000000000000194a                __smakebuf_r
 .text._free_r  0x00000000000019da       0xa8 f:/mounriver/mounriver_studio/toolchain/risc-v embedded gcc/bin/../lib/gcc/riscv-none-embed/8.2.0/../../../../riscv-none-embed/lib/rv32imacxw/ilp32\libg_nano.a(lib_a-nano-freer.o)
                0x00000000000019da                _free_r
 .text._malloc_r
                0x0000000000001a82       0xd4 f:/mounriver/mounriver_studio/toolchain/risc-v embedded gcc/bin/../lib/gcc/riscv-none-embed/8.2.0/../../../../riscv-none-embed/lib/rv32imacxw/ilp32\libg_nano.a(lib_a-nano-mallocr.o)
                0x0000000000001a82                _malloc_r
 .text.__sfputc_r
                0x0000000000001b56       0x28 f:/mounriver/mounriver_studio/toolchain/risc-v embedded gcc/bin/../lib/gcc/riscv-none-embed/8.2.0/../../../../riscv-none-embed/lib/rv32imacxw/ilp32\libg_nano.a(lib_a-nano-vfprintf.o)
 .text.__sfputs_r
                0x0000000000001b7e       0x40 f:/mounriver/mounriver_studio/toolchain/risc-v embedded gcc/bin/../lib/gcc/riscv-none-embed/8.2.0/../../../../riscv-none-embed/lib/rv32imacxw/ilp32\libg_nano.a(lib_a-nano-vfprintf.o)
                0x0000000000001b7e                __sfputs_r
 .text._vfprintf_r
                0x0000000000001bbe      0x284 f:/mounriver/mounriver_studio/toolchain/risc-v embedded gcc/bin/../lib/gcc/riscv-none-embed/8.2.0/../../../../riscv-none-embed/lib/rv32imacxw/ilp32\libg_nano.a(lib_a-nano-vfprintf.o)
                0x0000000000001bbe                _vfprintf_r
                0x0000000000001bbe                _vfiprintf_r
 .text._printf_common
                0x0000000000001e42      0x10c f:/mounriver/mounriver_studio/toolchain/risc-v embedded gcc/bin/../lib/gcc/riscv-none-embed/8.2.0/../../../../riscv-none-embed/lib/rv32imacxw/ilp32\libg_nano.a(lib_a-nano-vfprintf_i.o)
                0x0000000000001e42                _printf_common
 .text._printf_i
                0x0000000000001f4e      0x2a0 f:/mounriver/mounriver_studio/toolchain/risc-v embedded gcc/bin/../lib/gcc/riscv-none-embed/8.2.0/../../../../riscv-none-embed/lib/rv32imacxw/ilp32\libg_nano.a(lib_a-nano-vfprintf_i.o)
                0x0000000000001f4e                _printf_i
 .text._sbrk_r  0x00000000000021ee       0x2a f:/mounriver/mounriver_studio/toolchain/risc-v embedded gcc/bin/../lib/gcc/riscv-none-embed/8.2.0/../../../../riscv-none-embed/lib/rv32imacxw/ilp32\libg_nano.a(lib_a-sbrkr.o)
                0x00000000000021ee                _sbrk_r
 .text.__sread  0x0000000000002218       0x2c f:/mounriver/mounriver_studio/toolchain/risc-v embedded gcc/bin/../lib/gcc/riscv-none-embed/8.2.0/../../../../riscv-none-embed/lib/rv32imacxw/ilp32\libg_nano.a(lib_a-stdio.o)
                0x0000000000002218                __sread
 .text.__swrite
                0x0000000000002244       0x48 f:/mounriver/mounriver_studio/toolchain/risc-v embedded gcc/bin/../lib/gcc/riscv-none-embed/8.2.0/../../../../riscv-none-embed/lib/rv32imacxw/ilp32\libg_nano.a(lib_a-stdio.o)
                0x0000000000002244                __swrite
 .text.__sseek  0x000000000000228c       0x30 f:/mounriver/mounriver_studio/toolchain/risc-v embedded gcc/bin/../lib/gcc/riscv-none-embed/8.2.0/../../../../riscv-none-embed/lib/rv32imacxw/ilp32\libg_nano.a(lib_a-stdio.o)
                0x000000000000228c                __sseek
 .text.__sclose
                0x00000000000022bc        0x6 f:/mounriver/mounriver_studio/toolchain/risc-v embedded gcc/bin/../lib/gcc/riscv-none-embed/8.2.0/../../../../riscv-none-embed/lib/rv32imacxw/ilp32\libg_nano.a(lib_a-stdio.o)
                0x00000000000022bc                __sclose
 .text._write_r
                0x00000000000022c2       0x2e f:/mounriver/mounriver_studio/toolchain/risc-v embedded gcc/bin/../lib/gcc/riscv-none-embed/8.2.0/../../../../riscv-none-embed/lib/rv32imacxw/ilp32\libg_nano.a(lib_a-writer.o)
                0x00000000000022c2                _write_r
 .text._close_r
                0x00000000000022f0       0x28 f:/mounriver/mounriver_studio/toolchain/risc-v embedded gcc/bin/../lib/gcc/riscv-none-embed/8.2.0/../../../../riscv-none-embed/lib/rv32imacxw/ilp32\libg_nano.a(lib_a-closer.o)
                0x00000000000022f0                _close_r
 .text._fstat_r
                0x0000000000002318       0x2a f:/mounriver/mounriver_studio/toolchain/risc-v embedded gcc/bin/../lib/gcc/riscv-none-embed/8.2.0/../../../../riscv-none-embed/lib/rv32imacxw/ilp32\libg_nano.a(lib_a-fstatr.o)
                0x0000000000002318                _fstat_r
 .text._isatty_r
                0x0000000000002342       0x28 f:/mounriver/mounriver_studio/toolchain/risc-v embedded gcc/bin/../lib/gcc/riscv-none-embed/8.2.0/../../../../riscv-none-embed/lib/rv32imacxw/ilp32\libg_nano.a(lib_a-isattyr.o)
                0x0000000000002342                _isatty_r
 .text._lseek_r
                0x000000000000236a       0x2c f:/mounriver/mounriver_studio/toolchain/risc-v embedded gcc/bin/../lib/gcc/riscv-none-embed/8.2.0/../../../../riscv-none-embed/lib/rv32imacxw/ilp32\libg_nano.a(lib_a-lseekr.o)
                0x000000000000236a                _lseek_r
 .text.memchr   0x0000000000002396       0x18 f:/mounriver/mounriver_studio/toolchain/risc-v embedded gcc/bin/../lib/gcc/riscv-none-embed/8.2.0/../../../../riscv-none-embed/lib/rv32imacxw/ilp32\libg_nano.a(lib_a-memchr.o)
                0x0000000000002396                memchr
 .text.__malloc_lock
                0x00000000000023ae        0x2 f:/mounriver/mounriver_studio/toolchain/risc-v embedded gcc/bin/../lib/gcc/riscv-none-embed/8.2.0/../../../../riscv-none-embed/lib/rv32imacxw/ilp32\libg_nano.a(lib_a-mlock.o)
                0x00000000000023ae                __malloc_lock
 .text.__malloc_unlock
                0x00000000000023b0        0x2 f:/mounriver/mounriver_studio/toolchain/risc-v embedded gcc/bin/../lib/gcc/riscv-none-embed/8.2.0/../../../../riscv-none-embed/lib/rv32imacxw/ilp32\libg_nano.a(lib_a-mlock.o)
                0x00000000000023b0                __malloc_unlock
 .text._read_r  0x00000000000023b2       0x2c f:/mounriver/mounriver_studio/toolchain/risc-v embedded gcc/bin/../lib/gcc/riscv-none-embed/8.2.0/../../../../riscv-none-embed/lib/rv32imacxw/ilp32\libg_nano.a(lib_a-readr.o)
                0x00000000000023b2                _read_r
 .text._close   0x00000000000023de        0xc f:/mounriver/mounriver_studio/toolchain/risc-v embedded gcc/bin/../lib/gcc/riscv-none-embed/8.2.0/../../../../riscv-none-embed/lib/rv32imacxw/ilp32\libnosys.a(close.o)
                0x00000000000023de                _close
 .text._fstat   0x00000000000023ea        0xc f:/mounriver/mounriver_studio/toolchain/risc-v embedded gcc/bin/../lib/gcc/riscv-none-embed/8.2.0/../../../../riscv-none-embed/lib/rv32imacxw/ilp32\libnosys.a(fstat.o)
                0x00000000000023ea                _fstat
 .text._isatty  0x00000000000023f6        0xc f:/mounriver/mounriver_studio/toolchain/risc-v embedded gcc/bin/../lib/gcc/riscv-none-embed/8.2.0/../../../../riscv-none-embed/lib/rv32imacxw/ilp32\libnosys.a(isatty.o)
                0x00000000000023f6                _isatty
 .text._lseek   0x0000000000002402        0xc f:/mounriver/mounriver_studio/toolchain/risc-v embedded gcc/bin/../lib/gcc/riscv-none-embed/8.2.0/../../../../riscv-none-embed/lib/rv32imacxw/ilp32\libnosys.a(lseek.o)
                0x0000000000002402                _lseek
 .text._read    0x000000000000240e        0xc f:/mounriver/mounriver_studio/toolchain/risc-v embedded gcc/bin/../lib/gcc/riscv-none-embed/8.2.0/../../../../riscv-none-embed/lib/rv32imacxw/ilp32\libnosys.a(read.o)
                0x000000000000240e                _read
 *(.rodata)
 *(.rodata*)
 *fill*         0x000000000000241a        0x2 
 .rodata.as608_detection_checknum.str1.4
                0x000000000000241c       0x3f ./User/AS608.o
 *fill*         0x000000000000245b        0x1 
 .rodata.as608_find_fingerprints_num.str1.4
                0x000000000000245c       0x46 ./User/AS608.o
 *fill*         0x00000000000024a2        0x2 
 .rodata.main.str1.4
                0x00000000000024a4       0x38 ./User/main.o
 .rodata.DVP_IRQHandler.str1.4
                0x00000000000024dc        0x9 ./User/ov2640.o
 *fill*         0x00000000000024e5        0x3 
 .rodata.__sf_fake_stderr
                0x00000000000024e8       0x20 f:/mounriver/mounriver_studio/toolchain/risc-v embedded gcc/bin/../lib/gcc/riscv-none-embed/8.2.0/../../../../riscv-none-embed/lib/rv32imacxw/ilp32\libg_nano.a(lib_a-findfp.o)
                0x00000000000024e8                __sf_fake_stderr
 .rodata.__sf_fake_stdin
                0x0000000000002508       0x20 f:/mounriver/mounriver_studio/toolchain/risc-v embedded gcc/bin/../lib/gcc/riscv-none-embed/8.2.0/../../../../riscv-none-embed/lib/rv32imacxw/ilp32\libg_nano.a(lib_a-findfp.o)
                0x0000000000002508                __sf_fake_stdin
 .rodata.__sf_fake_stdout
                0x0000000000002528       0x20 f:/mounriver/mounriver_studio/toolchain/risc-v embedded gcc/bin/../lib/gcc/riscv-none-embed/8.2.0/../../../../riscv-none-embed/lib/rv32imacxw/ilp32\libg_nano.a(lib_a-findfp.o)
                0x0000000000002528                __sf_fake_stdout
 .rodata._vfprintf_r.str1.4
                0x0000000000002548       0x13 f:/mounriver/mounriver_studio/toolchain/risc-v embedded gcc/bin/../lib/gcc/riscv-none-embed/8.2.0/../../../../riscv-none-embed/lib/rv32imacxw/ilp32\libg_nano.a(lib_a-nano-vfprintf.o)
 *fill*         0x000000000000255b        0x1 
 .rodata._printf_i.str1.4
                0x000000000000255c       0x28 f:/mounriver/mounriver_studio/toolchain/risc-v embedded gcc/bin/../lib/gcc/riscv-none-embed/8.2.0/../../../../riscv-none-embed/lib/rv32imacxw/ilp32\libg_nano.a(lib_a-nano-vfprintf_i.o)
                                         0x25 (size before relaxing)
 *(.gnu.linkonce.t.*)
                0x0000000000002584                . = ALIGN (0x4)

.rela.dyn       0x0000000000002584        0x0
 .rela.init     0x0000000000002584        0x0 ./User/AS608.o
 .rela.vector   0x0000000000002584        0x0 ./User/AS608.o
 .rela.text.handle_reset
                0x0000000000002584        0x0 ./User/AS608.o
 .rela.text._sbrk
                0x0000000000002584        0x0 ./User/AS608.o
 .rela.sdata.curbrk.5218
                0x0000000000002584        0x0 ./User/AS608.o
 .rela.text._vfprintf_r
                0x0000000000002584        0x0 ./User/AS608.o
 .rela.text._sbrk_r
                0x0000000000002584        0x0 ./User/AS608.o
 .rela.text._write_r
                0x0000000000002584        0x0 ./User/AS608.o
 .rela.text._close_r
                0x0000000000002584        0x0 ./User/AS608.o
 .rela.text._fstat_r
                0x0000000000002584        0x0 ./User/AS608.o
 .rela.text._isatty_r
                0x0000000000002584        0x0 ./User/AS608.o
 .rela.text._lseek_r
                0x0000000000002584        0x0 ./User/AS608.o
 .rela.text._read_r
                0x0000000000002584        0x0 ./User/AS608.o
 .rela.text._close
                0x0000000000002584        0x0 ./User/AS608.o
 .rela.text._fstat
                0x0000000000002584        0x0 ./User/AS608.o
 .rela.text._isatty
                0x0000000000002584        0x0 ./User/AS608.o
 .rela.text._lseek
                0x0000000000002584        0x0 ./User/AS608.o
 .rela.text._read
                0x0000000000002584        0x0 ./User/AS608.o

.fini           0x0000000000002584        0x0
 *(SORT_NONE(.fini))
                0x0000000000002584                . = ALIGN (0x4)
                [!provide]                        PROVIDE (_etext = .)
                [!provide]                        PROVIDE (_eitcm = .)

.preinit_array  0x0000000000002584        0x0
                [!provide]                        PROVIDE (__preinit_array_start = .)
 *(.preinit_array)
                [!provide]                        PROVIDE (__preinit_array_end = .)

.init_array     0x0000000000002584        0x0
                [!provide]                        PROVIDE (__init_array_start = .)
 *(SORT_BY_INIT_PRIORITY(.init_array.*) SORT_BY_INIT_PRIORITY(.ctors.*))
 *(.init_array EXCLUDE_FILE(*crtend?.o *crtend.o *crtbegin?.o *crtbegin.o) .ctors)
                [!provide]                        PROVIDE (__init_array_end = .)

.fini_array     0x0000000000002584        0x0
                [!provide]                        PROVIDE (__fini_array_start = .)
 *(SORT_BY_INIT_PRIORITY(.fini_array.*) SORT_BY_INIT_PRIORITY(.dtors.*))
 *(.fini_array EXCLUDE_FILE(*crtend?.o *crtend.o *crtbegin?.o *crtbegin.o) .dtors)
                [!provide]                        PROVIDE (__fini_array_end = .)

.ctors
 *crtbegin.o(.ctors)
 *crtbegin?.o(.ctors)
 *(EXCLUDE_FILE(*crtend?.o *crtend.o) .ctors)
 *(SORT_BY_NAME(.ctors.*))
 *(.ctors)

.dtors
 *crtbegin.o(.dtors)
 *crtbegin?.o(.dtors)
 *(EXCLUDE_FILE(*crtend?.o *crtend.o) .dtors)
 *(SORT_BY_NAME(.dtors.*))
 *(.dtors)

.dalign         0x0000000020000000        0x0 load address 0x0000000000002584
                0x0000000020000000                . = ALIGN (0x4)
                0x0000000020000000                PROVIDE (_data_vma = .)

.dlalign        0x0000000000002584        0x0
                0x0000000000002584                . = ALIGN (0x4)
                0x0000000000002584                PROVIDE (_data_lma = .)

.data           0x0000000020000000       0xb0 load address 0x0000000000002584
 *(.gnu.linkonce.r.*)
 *(.data .data.*)
 .data.AHBPrescTable
                0x0000000020000000       0x10 ./User/system_ch32v30x.o
                0x0000000020000000                AHBPrescTable
 .data.APBAHBPrescTable
                0x0000000020000010       0x10 ./Peripheral/src/ch32v30x_rcc.o
 .data.impure_data
                0x0000000020000020       0x60 f:/mounriver/mounriver_studio/toolchain/risc-v embedded gcc/bin/../lib/gcc/riscv-none-embed/8.2.0/../../../../riscv-none-embed/lib/rv32imacxw/ilp32\libg_nano.a(lib_a-impure.o)
 *(.gnu.linkonce.d.*)
                0x0000000020000080                . = ALIGN (0x8)
                0x0000000020000880                PROVIDE (__global_pointer$ = (. + 0x800))
 *(.sdata .sdata.*)
 .sdata.AS608_ADDR
                0x0000000020000080        0x4 ./User/AS608.o
                0x0000000020000080                AS608_ADDR
 .sdata.AS608_HEAD
                0x0000000020000084        0x2 ./User/AS608.o
                0x0000000020000084                AS608_HEAD
 *fill*         0x0000000020000086        0x2 
 .sdata.check_head
                0x0000000020000088        0x8 ./User/AS608.o
                0x0000000020000088                check_head
 .sdata.RGB565_DVPDMAaddr0
                0x0000000020000090        0x4 ./User/ov2640.o
                0x0000000020000090                RGB565_DVPDMAaddr0
 .sdata.RGB565_DVPDMAaddr1
                0x0000000020000094        0x4 ./User/ov2640.o
                0x0000000020000094                RGB565_DVPDMAaddr1
 .sdata.SystemCoreClock
                0x0000000020000098        0x4 ./User/system_ch32v30x.o
                0x0000000020000098                SystemCoreClock
 .sdata.ADCPrescTable
                0x000000002000009c        0x4 ./Peripheral/src/ch32v30x_rcc.o
 .sdata.curbrk.5218
                0x00000000200000a0        0x4 ./Debug/debug.o
 .sdata._impure_ptr
                0x00000000200000a4        0x4 f:/mounriver/mounriver_studio/toolchain/risc-v embedded gcc/bin/../lib/gcc/riscv-none-embed/8.2.0/../../../../riscv-none-embed/lib/rv32imacxw/ilp32\libg_nano.a(lib_a-impure.o)
                0x00000000200000a4                _impure_ptr
 *(.sdata2.*)
 .sdata2._global_impure_ptr
                0x00000000200000a8        0x4 f:/mounriver/mounriver_studio/toolchain/risc-v embedded gcc/bin/../lib/gcc/riscv-none-embed/8.2.0/../../../../riscv-none-embed/lib/rv32imacxw/ilp32\libg_nano.a(lib_a-impure.o)
                0x00000000200000a8                _global_impure_ptr
 *(.gnu.linkonce.s.*)
                0x00000000200000b0                . = ALIGN (0x8)
 *fill*         0x00000000200000ac        0x4 
 *(.srodata.cst16)
 *(.srodata.cst8)
 *(.srodata.cst4)
 *(.srodata.cst2)
 *(.srodata .srodata.*)
                0x00000000200000b0                . = ALIGN (0x4)
                0x00000000200000b0                PROVIDE (_edata = .)

.bss            0x00000000200000b0       0xa4 load address 0x0000000000002634
                0x00000000200000b0                . = ALIGN (0x4)
                0x00000000200000b0                PROVIDE (_sbss = .)
 *(.sbss*)
 .sbss.as608_receive_count
                0x00000000200000b0        0x1 ./User/AS608.o
                0x00000000200000b0                as608_receive_count
 .sbss.finger_status
                0x00000000200000b1        0x1 ./User/AS608.o
                0x00000000200000b1                finger_status
 *fill*         0x00000000200000b2        0x2 
 .sbss.addr_cnt
                0x00000000200000b4        0x4 ./User/ov2640.o
                0x00000000200000b4                addr_cnt
 .sbss.frame_cnt
                0x00000000200000b8        0x4 ./User/ov2640.o
                0x00000000200000b8                frame_cnt
 .sbss.href_cnt
                0x00000000200000bc        0x4 ./User/ov2640.o
                0x00000000200000bc                href_cnt
 .sbss.NVIC_Priority_Group
                0x00000000200000c0        0x4 ./Peripheral/src/ch32v30x_misc.o
                0x00000000200000c0                NVIC_Priority_Group
 .sbss.p_ms     0x00000000200000c4        0x2 ./Debug/debug.o
 .sbss.p_us     0x00000000200000c6        0x1 ./Debug/debug.o
 *fill*         0x00000000200000c7        0x1 
 .sbss.__malloc_free_list
                0x00000000200000c8        0x4 f:/mounriver/mounriver_studio/toolchain/risc-v embedded gcc/bin/../lib/gcc/riscv-none-embed/8.2.0/../../../../riscv-none-embed/lib/rv32imacxw/ilp32\libg_nano.a(lib_a-nano-mallocr.o)
                0x00000000200000c8                __malloc_free_list
 .sbss.__malloc_sbrk_start
                0x00000000200000cc        0x4 f:/mounriver/mounriver_studio/toolchain/risc-v embedded gcc/bin/../lib/gcc/riscv-none-embed/8.2.0/../../../../riscv-none-embed/lib/rv32imacxw/ilp32\libg_nano.a(lib_a-nano-mallocr.o)
                0x00000000200000cc                __malloc_sbrk_start
 *(.gnu.linkonce.sb.*)
 *(.bss*)
 .bss.as608_receive_data
                0x00000000200000d0       0x80 ./User/AS608.o
                0x00000000200000d0                as608_receive_data
 *(.gnu.linkonce.b.*)
 *(COMMON*)
 COMMON         0x0000000020000150        0x4 f:/mounriver/mounriver_studio/toolchain/risc-v embedded gcc/bin/../lib/gcc/riscv-none-embed/8.2.0/../../../../riscv-none-embed/lib/rv32imacxw/ilp32\libg_nano.a(lib_a-reent.o)
                0x0000000020000150                errno
                0x0000000020000154                . = ALIGN (0x4)
                0x0000000020000154                PROVIDE (_ebss = .)
                0x0000000020000154                PROVIDE (_end = _ebss)
                [!provide]                        PROVIDE (end = .)

.stack          0x0000000020007800      0x800
                0x0000000020007800                PROVIDE (_heap_end = .)
                0x0000000020007800                . = ALIGN (0x4)
                [!provide]                        PROVIDE (_susrstack = .)
                0x0000000020008000                . = (. + __stack_size)
 *fill*         0x0000000020007800      0x800 
                0x0000000020008000                PROVIDE (_eusrstack = .)
OUTPUT(÷«’œ√≈À¯.elf elf32-littleriscv)

.debug_info     0x0000000000000000     0xf232
 .debug_info    0x0000000000000000     0x2a5e ./User/AS608.o
 .debug_info    0x0000000000002a5e      0x962 ./User/ch32v30x_it.o
 .debug_info    0x00000000000033c0      0xd97 ./User/keyboard.o
 .debug_info    0x0000000000004157      0xb18 ./User/main.o
 .debug_info    0x0000000000004c6f     0x1d8d ./User/ov2640.o
 .debug_info    0x00000000000069fc      0xb89 ./User/system_ch32v30x.o
 .debug_info    0x0000000000007585       0x22 ./Startup/startup_ch32v30x_D8C.o
 .debug_info    0x00000000000075a7      0xa94 ./Peripheral/src/ch32v30x_dbgmcu.o
 .debug_info    0x000000000000803b      0xd16 ./Peripheral/src/ch32v30x_dma.o
 .debug_info    0x0000000000008d51      0xc0d ./Peripheral/src/ch32v30x_exti.o
 .debug_info    0x000000000000995e     0x1093 ./Peripheral/src/ch32v30x_gpio.o
 .debug_info    0x000000000000a9f1      0xf72 ./Peripheral/src/ch32v30x_misc.o
 .debug_info    0x000000000000b963     0x156e ./Peripheral/src/ch32v30x_rcc.o
 .debug_info    0x000000000000ced1     0x1420 ./Peripheral/src/ch32v30x_usart.o
 .debug_info    0x000000000000e2f1      0xf41 ./Debug/debug.o

.debug_abbrev   0x0000000000000000     0x2a19
 .debug_abbrev  0x0000000000000000      0x4a0 ./User/AS608.o
 .debug_abbrev  0x00000000000004a0      0x1cf ./User/ch32v30x_it.o
 .debug_abbrev  0x000000000000066f      0x2b4 ./User/keyboard.o
 .debug_abbrev  0x0000000000000923      0x239 ./User/main.o
 .debug_abbrev  0x0000000000000b5c      0x3bd ./User/ov2640.o
 .debug_abbrev  0x0000000000000f19      0x2c0 ./User/system_ch32v30x.o
 .debug_abbrev  0x00000000000011d9       0x12 ./Startup/startup_ch32v30x_D8C.o
 .debug_abbrev  0x00000000000011eb      0x2f7 ./Peripheral/src/ch32v30x_dbgmcu.o
 .debug_abbrev  0x00000000000014e2      0x2fd ./Peripheral/src/ch32v30x_dma.o
 .debug_abbrev  0x00000000000017df      0x2da ./Peripheral/src/ch32v30x_exti.o
 .debug_abbrev  0x0000000000001ab9      0x309 ./Peripheral/src/ch32v30x_gpio.o
 .debug_abbrev  0x0000000000001dc2      0x2fb ./Peripheral/src/ch32v30x_misc.o
 .debug_abbrev  0x00000000000020bd      0x351 ./Peripheral/src/ch32v30x_rcc.o
 .debug_abbrev  0x000000000000240e      0x312 ./Peripheral/src/ch32v30x_usart.o
 .debug_abbrev  0x0000000000002720      0x2f9 ./Debug/debug.o

.debug_loc      0x0000000000000000     0x2fe5
 .debug_loc     0x0000000000000000      0xb95 ./User/AS608.o
 .debug_loc     0x0000000000000b95       0x89 ./User/keyboard.o
 .debug_loc     0x0000000000000c1e      0x424 ./User/ov2640.o
 .debug_loc     0x0000000000001042       0xda ./User/system_ch32v30x.o
 .debug_loc     0x000000000000111c       0x7c ./Peripheral/src/ch32v30x_dbgmcu.o
 .debug_loc     0x0000000000001198      0x19a ./Peripheral/src/ch32v30x_dma.o
 .debug_loc     0x0000000000001332      0x181 ./Peripheral/src/ch32v30x_exti.o
 .debug_loc     0x00000000000014b3      0x657 ./Peripheral/src/ch32v30x_gpio.o
 .debug_loc     0x0000000000001b0a       0xce ./Peripheral/src/ch32v30x_misc.o
 .debug_loc     0x0000000000001bd8      0xadb ./Peripheral/src/ch32v30x_rcc.o
 .debug_loc     0x00000000000026b3      0x7bb ./Peripheral/src/ch32v30x_usart.o
 .debug_loc     0x0000000000002e6e      0x177 ./Debug/debug.o

.debug_aranges  0x0000000000000000      0x768
 .debug_aranges
                0x0000000000000000       0xf8 ./User/AS608.o
 .debug_aranges
                0x00000000000000f8       0x28 ./User/ch32v30x_it.o
 .debug_aranges
                0x0000000000000120       0x48 ./User/keyboard.o
 .debug_aranges
                0x0000000000000168       0x20 ./User/main.o
 .debug_aranges
                0x0000000000000188       0xd0 ./User/ov2640.o
 .debug_aranges
                0x0000000000000258       0x28 ./User/system_ch32v30x.o
 .debug_aranges
                0x0000000000000280       0x30 ./Startup/startup_ch32v30x_D8C.o
 .debug_aranges
                0x00000000000002b0       0x48 ./Peripheral/src/ch32v30x_dbgmcu.o
 .debug_aranges
                0x00000000000002f8       0x60 ./Peripheral/src/ch32v30x_dma.o
 .debug_aranges
                0x0000000000000358       0x50 ./Peripheral/src/ch32v30x_exti.o
 .debug_aranges
                0x00000000000003a8       0xa8 ./Peripheral/src/ch32v30x_gpio.o
 .debug_aranges
                0x0000000000000450       0x28 ./Peripheral/src/ch32v30x_misc.o
 .debug_aranges
                0x0000000000000478      0x1a8 ./Peripheral/src/ch32v30x_rcc.o
 .debug_aranges
                0x0000000000000620      0x100 ./Peripheral/src/ch32v30x_usart.o
 .debug_aranges
                0x0000000000000720       0x48 ./Debug/debug.o

.debug_ranges   0x0000000000000000      0x718
 .debug_ranges  0x0000000000000000       0xe8 ./User/AS608.o
 .debug_ranges  0x00000000000000e8       0x18 ./User/ch32v30x_it.o
 .debug_ranges  0x0000000000000100       0x38 ./User/keyboard.o
 .debug_ranges  0x0000000000000138       0x10 ./User/main.o
 .debug_ranges  0x0000000000000148       0xf0 ./User/ov2640.o
 .debug_ranges  0x0000000000000238       0x38 ./User/system_ch32v30x.o
 .debug_ranges  0x0000000000000270       0x28 ./Startup/startup_ch32v30x_D8C.o
 .debug_ranges  0x0000000000000298       0x50 ./Peripheral/src/ch32v30x_dbgmcu.o
 .debug_ranges  0x00000000000002e8       0x50 ./Peripheral/src/ch32v30x_dma.o
 .debug_ranges  0x0000000000000338       0x40 ./Peripheral/src/ch32v30x_exti.o
 .debug_ranges  0x0000000000000378       0x98 ./Peripheral/src/ch32v30x_gpio.o
 .debug_ranges  0x0000000000000410       0x48 ./Peripheral/src/ch32v30x_misc.o
 .debug_ranges  0x0000000000000458      0x198 ./Peripheral/src/ch32v30x_rcc.o
 .debug_ranges  0x00000000000005f0       0xf0 ./Peripheral/src/ch32v30x_usart.o
 .debug_ranges  0x00000000000006e0       0x38 ./Debug/debug.o

.debug_line     0x0000000000000000     0x9a8b
 .debug_line    0x0000000000000000     0x1a2c ./User/AS608.o
 .debug_line    0x0000000000001a2c      0x214 ./User/ch32v30x_it.o
 .debug_line    0x0000000000001c40      0x697 ./User/keyboard.o
 .debug_line    0x00000000000022d7      0x34c ./User/main.o
 .debug_line    0x0000000000002623     0x1613 ./User/ov2640.o
 .debug_line    0x0000000000003c36      0x70c ./User/system_ch32v30x.o
 .debug_line    0x0000000000004342      0x356 ./Startup/startup_ch32v30x_D8C.o
 .debug_line    0x0000000000004698      0x34f ./Peripheral/src/ch32v30x_dbgmcu.o
 .debug_line    0x00000000000049e7      0x98a ./Peripheral/src/ch32v30x_dma.o
 .debug_line    0x0000000000005371      0x58f ./Peripheral/src/ch32v30x_exti.o
 .debug_line    0x0000000000005900      0xd27 ./Peripheral/src/ch32v30x_gpio.o
 .debug_line    0x0000000000006627      0x48a ./Peripheral/src/ch32v30x_misc.o
 .debug_line    0x0000000000006ab1     0x1942 ./Peripheral/src/ch32v30x_rcc.o
 .debug_line    0x00000000000083f3      0xfe0 ./Peripheral/src/ch32v30x_usart.o
 .debug_line    0x00000000000093d3      0x6b8 ./Debug/debug.o

.debug_str      0x0000000000000000     0x2782
 .debug_str     0x0000000000000000     0x127d ./User/AS608.o
                                       0x136b (size before relaxing)
 .debug_str     0x000000000000127d       0x34 ./User/ch32v30x_it.o
                                        0x59b (size before relaxing)
 .debug_str     0x00000000000012b1       0xa7 ./User/keyboard.o
                                        0x7c1 (size before relaxing)
 .debug_str     0x0000000000001358       0x57 ./User/main.o
                                        0x69e (size before relaxing)
 .debug_str     0x00000000000013af      0x448 ./User/ov2640.o
                                       0x1168 (size before relaxing)
 .debug_str     0x00000000000017f7       0xf5 ./User/system_ch32v30x.o
                                        0x6b1 (size before relaxing)
 .debug_str     0x00000000000018ec       0x2e ./Startup/startup_ch32v30x_D8C.o
                                         0x4f (size before relaxing)
 .debug_str     0x000000000000191a       0x87 ./Peripheral/src/ch32v30x_dbgmcu.o
                                        0x62b (size before relaxing)
 .debug_str     0x00000000000019a1      0x105 ./Peripheral/src/ch32v30x_dma.o
                                        0x7d8 (size before relaxing)
 .debug_str     0x0000000000001aa6       0xcb ./Peripheral/src/ch32v30x_exti.o
                                        0x772 (size before relaxing)
 .debug_str     0x0000000000001b71      0x1ef ./Peripheral/src/ch32v30x_gpio.o
                                        0x956 (size before relaxing)
 .debug_str     0x0000000000001d60      0x104 ./Peripheral/src/ch32v30x_misc.o
                                        0xcb0 (size before relaxing)
 .debug_str     0x0000000000001e64      0x59e ./Peripheral/src/ch32v30x_rcc.o
                                        0xcaf (size before relaxing)
 .debug_str     0x0000000000002402      0x31e ./Peripheral/src/ch32v30x_usart.o
                                        0xafc (size before relaxing)
 .debug_str     0x0000000000002720       0x62 ./Debug/debug.o
                                        0x8fb (size before relaxing)

.comment        0x0000000000000000       0x33
 .comment       0x0000000000000000       0x33 ./User/AS608.o
                                         0x34 (size before relaxing)
 .comment       0x0000000000000033       0x34 ./User/ch32v30x_it.o
 .comment       0x0000000000000033       0x34 ./User/keyboard.o
 .comment       0x0000000000000033       0x34 ./User/main.o
 .comment       0x0000000000000033       0x34 ./User/ov2640.o
 .comment       0x0000000000000033       0x34 ./User/system_ch32v30x.o
 .comment       0x0000000000000033       0x34 ./Peripheral/src/ch32v30x_dbgmcu.o
 .comment       0x0000000000000033       0x34 ./Peripheral/src/ch32v30x_dma.o
 .comment       0x0000000000000033       0x34 ./Peripheral/src/ch32v30x_exti.o
 .comment       0x0000000000000033       0x34 ./Peripheral/src/ch32v30x_gpio.o
 .comment       0x0000000000000033       0x34 ./Peripheral/src/ch32v30x_misc.o
 .comment       0x0000000000000033       0x34 ./Peripheral/src/ch32v30x_rcc.o
 .comment       0x0000000000000033       0x34 ./Peripheral/src/ch32v30x_usart.o
 .comment       0x0000000000000033       0x34 ./Debug/debug.o

.debug_frame    0x0000000000000000     0x1b8c
 .debug_frame   0x0000000000000000      0x498 ./User/AS608.o
 .debug_frame   0x0000000000000498       0x30 ./User/ch32v30x_it.o
 .debug_frame   0x00000000000004c8       0xd8 ./User/keyboard.o
 .debug_frame   0x00000000000005a0       0x28 ./User/main.o
 .debug_frame   0x00000000000005c8      0x320 ./User/ov2640.o
 .debug_frame   0x00000000000008e8       0x3c ./User/system_ch32v30x.o
 .debug_frame   0x0000000000000924       0x70 ./Peripheral/src/ch32v30x_dbgmcu.o
 .debug_frame   0x0000000000000994       0xd8 ./Peripheral/src/ch32v30x_dma.o
 .debug_frame   0x0000000000000a6c       0x90 ./Peripheral/src/ch32v30x_exti.o
 .debug_frame   0x0000000000000afc      0x148 ./Peripheral/src/ch32v30x_gpio.o
 .debug_frame   0x0000000000000c44       0x30 ./Peripheral/src/ch32v30x_misc.o
 .debug_frame   0x0000000000000c74      0x344 ./Peripheral/src/ch32v30x_rcc.o
 .debug_frame   0x0000000000000fb8      0x204 ./Peripheral/src/ch32v30x_usart.o
 .debug_frame   0x00000000000011bc       0x9c ./Debug/debug.o
 .debug_frame   0x0000000000001258       0x54 f:/mounriver/mounriver_studio/toolchain/risc-v embedded gcc/bin/../lib/gcc/riscv-none-embed/8.2.0/../../../../riscv-none-embed/lib/rv32imacxw/ilp32\libg_nano.a(lib_a-printf.o)
 .debug_frame   0x00000000000012ac       0x54 f:/mounriver/mounriver_studio/toolchain/risc-v embedded gcc/bin/../lib/gcc/riscv-none-embed/8.2.0/../../../../riscv-none-embed/lib/rv32imacxw/ilp32\libg_nano.a(lib_a-puts.o)
 .debug_frame   0x0000000000001300       0x20 f:/mounriver/mounriver_studio/toolchain/risc-v embedded gcc/bin/../lib/gcc/riscv-none-embed/8.2.0/../../../../riscv-none-embed/lib/rv32imacxw/ilp32\libg_nano.a(lib_a-strstr.o)
 .debug_frame   0x0000000000001320       0x50 f:/mounriver/mounriver_studio/toolchain/risc-v embedded gcc/bin/../lib/gcc/riscv-none-embed/8.2.0/../../../../riscv-none-embed/lib/rv32imacxw/ilp32\libg_nano.a(lib_a-wbuf.o)
 .debug_frame   0x0000000000001370       0x3c f:/mounriver/mounriver_studio/toolchain/risc-v embedded gcc/bin/../lib/gcc/riscv-none-embed/8.2.0/../../../../riscv-none-embed/lib/rv32imacxw/ilp32\libg_nano.a(lib_a-wsetup.o)
 .debug_frame   0x00000000000013ac       0x7c f:/mounriver/mounriver_studio/toolchain/risc-v embedded gcc/bin/../lib/gcc/riscv-none-embed/8.2.0/../../../../riscv-none-embed/lib/rv32imacxw/ilp32\libg_nano.a(lib_a-fflush.o)
 .debug_frame   0x0000000000001428      0x148 f:/mounriver/mounriver_studio/toolchain/risc-v embedded gcc/bin/../lib/gcc/riscv-none-embed/8.2.0/../../../../riscv-none-embed/lib/rv32imacxw/ilp32\libg_nano.a(lib_a-findfp.o)
 .debug_frame   0x0000000000001570       0x88 f:/mounriver/mounriver_studio/toolchain/risc-v embedded gcc/bin/../lib/gcc/riscv-none-embed/8.2.0/../../../../riscv-none-embed/lib/rv32imacxw/ilp32\libg_nano.a(lib_a-fwalk.o)
 .debug_frame   0x00000000000015f8       0x64 f:/mounriver/mounriver_studio/toolchain/risc-v embedded gcc/bin/../lib/gcc/riscv-none-embed/8.2.0/../../../../riscv-none-embed/lib/rv32imacxw/ilp32\libg_nano.a(lib_a-makebuf.o)
 .debug_frame   0x000000000000165c       0x40 f:/mounriver/mounriver_studio/toolchain/risc-v embedded gcc/bin/../lib/gcc/riscv-none-embed/8.2.0/../../../../riscv-none-embed/lib/rv32imacxw/ilp32\libg_nano.a(lib_a-nano-freer.o)
 .debug_frame   0x000000000000169c       0x40 f:/mounriver/mounriver_studio/toolchain/risc-v embedded gcc/bin/../lib/gcc/riscv-none-embed/8.2.0/../../../../riscv-none-embed/lib/rv32imacxw/ilp32\libg_nano.a(lib_a-nano-mallocr.o)
 .debug_frame   0x00000000000016dc       0xd0 f:/mounriver/mounriver_studio/toolchain/risc-v embedded gcc/bin/../lib/gcc/riscv-none-embed/8.2.0/../../../../riscv-none-embed/lib/rv32imacxw/ilp32\libg_nano.a(lib_a-nano-vfprintf.o)
 .debug_frame   0x00000000000017ac       0x8c f:/mounriver/mounriver_studio/toolchain/risc-v embedded gcc/bin/../lib/gcc/riscv-none-embed/8.2.0/../../../../riscv-none-embed/lib/rv32imacxw/ilp32\libg_nano.a(lib_a-nano-vfprintf_i.o)
 .debug_frame   0x0000000000001838       0x30 f:/mounriver/mounriver_studio/toolchain/risc-v embedded gcc/bin/../lib/gcc/riscv-none-embed/8.2.0/../../../../riscv-none-embed/lib/rv32imacxw/ilp32\libg_nano.a(lib_a-sbrkr.o)
 .debug_frame   0x0000000000001868       0xa4 f:/mounriver/mounriver_studio/toolchain/risc-v embedded gcc/bin/../lib/gcc/riscv-none-embed/8.2.0/../../../../riscv-none-embed/lib/rv32imacxw/ilp32\libg_nano.a(lib_a-stdio.o)
 .debug_frame   0x000000000000190c       0x30 f:/mounriver/mounriver_studio/toolchain/risc-v embedded gcc/bin/../lib/gcc/riscv-none-embed/8.2.0/../../../../riscv-none-embed/lib/rv32imacxw/ilp32\libg_nano.a(lib_a-writer.o)
 .debug_frame   0x000000000000193c       0x30 f:/mounriver/mounriver_studio/toolchain/risc-v embedded gcc/bin/../lib/gcc/riscv-none-embed/8.2.0/../../../../riscv-none-embed/lib/rv32imacxw/ilp32\libg_nano.a(lib_a-closer.o)
 .debug_frame   0x000000000000196c       0x30 f:/mounriver/mounriver_studio/toolchain/risc-v embedded gcc/bin/../lib/gcc/riscv-none-embed/8.2.0/../../../../riscv-none-embed/lib/rv32imacxw/ilp32\libg_nano.a(lib_a-fstatr.o)
 .debug_frame   0x000000000000199c       0x30 f:/mounriver/mounriver_studio/toolchain/risc-v embedded gcc/bin/../lib/gcc/riscv-none-embed/8.2.0/../../../../riscv-none-embed/lib/rv32imacxw/ilp32\libg_nano.a(lib_a-isattyr.o)
 .debug_frame   0x00000000000019cc       0x30 f:/mounriver/mounriver_studio/toolchain/risc-v embedded gcc/bin/../lib/gcc/riscv-none-embed/8.2.0/../../../../riscv-none-embed/lib/rv32imacxw/ilp32\libg_nano.a(lib_a-lseekr.o)
 .debug_frame   0x00000000000019fc       0x20 f:/mounriver/mounriver_studio/toolchain/risc-v embedded gcc/bin/../lib/gcc/riscv-none-embed/8.2.0/../../../../riscv-none-embed/lib/rv32imacxw/ilp32\libg_nano.a(lib_a-memchr.o)
 .debug_frame   0x0000000000001a1c       0x30 f:/mounriver/mounriver_studio/toolchain/risc-v embedded gcc/bin/../lib/gcc/riscv-none-embed/8.2.0/../../../../riscv-none-embed/lib/rv32imacxw/ilp32\libg_nano.a(lib_a-mlock.o)
 .debug_frame   0x0000000000001a4c       0x30 f:/mounriver/mounriver_studio/toolchain/risc-v embedded gcc/bin/../lib/gcc/riscv-none-embed/8.2.0/../../../../riscv-none-embed/lib/rv32imacxw/ilp32\libg_nano.a(lib_a-readr.o)
 .debug_frame   0x0000000000001a7c       0x70 f:/mounriver/mounriver_studio/toolchain/risc-v embedded gcc/bin/../lib/gcc/riscv-none-embed/8.2.0/../../../../riscv-none-embed/lib/rv32imacxw/ilp32\libg_nano.a(lib_a-reent.o)
 .debug_frame   0x0000000000001aec       0x20 f:/mounriver/mounriver_studio/toolchain/risc-v embedded gcc/bin/../lib/gcc/riscv-none-embed/8.2.0/../../../../riscv-none-embed/lib/rv32imacxw/ilp32\libnosys.a(close.o)
 .debug_frame   0x0000000000001b0c       0x20 f:/mounriver/mounriver_studio/toolchain/risc-v embedded gcc/bin/../lib/gcc/riscv-none-embed/8.2.0/../../../../riscv-none-embed/lib/rv32imacxw/ilp32\libnosys.a(fstat.o)
 .debug_frame   0x0000000000001b2c       0x20 f:/mounriver/mounriver_studio/toolchain/risc-v embedded gcc/bin/../lib/gcc/riscv-none-embed/8.2.0/../../../../riscv-none-embed/lib/rv32imacxw/ilp32\libnosys.a(isatty.o)
 .debug_frame   0x0000000000001b4c       0x20 f:/mounriver/mounriver_studio/toolchain/risc-v embedded gcc/bin/../lib/gcc/riscv-none-embed/8.2.0/../../../../riscv-none-embed/lib/rv32imacxw/ilp32\libnosys.a(lseek.o)
 .debug_frame   0x0000000000001b6c       0x20 f:/mounriver/mounriver_studio/toolchain/risc-v embedded gcc/bin/../lib/gcc/riscv-none-embed/8.2.0/../../../../riscv-none-embed/lib/rv32imacxw/ilp32\libnosys.a(read.o)

.stab           0x0000000000000000       0x84
 .stab          0x0000000000000000       0x24 f:/mounriver/mounriver_studio/toolchain/risc-v embedded gcc/bin/../lib/gcc/riscv-none-embed/8.2.0/../../../../riscv-none-embed/lib/rv32imacxw/ilp32\libnosys.a(close.o)
 .stab          0x0000000000000024       0x18 f:/mounriver/mounriver_studio/toolchain/risc-v embedded gcc/bin/../lib/gcc/riscv-none-embed/8.2.0/../../../../riscv-none-embed/lib/rv32imacxw/ilp32\libnosys.a(fstat.o)
                                         0x24 (size before relaxing)
 .stab          0x000000000000003c       0x18 f:/mounriver/mounriver_studio/toolchain/risc-v embedded gcc/bin/../lib/gcc/riscv-none-embed/8.2.0/../../../../riscv-none-embed/lib/rv32imacxw/ilp32\libnosys.a(isatty.o)
                                         0x24 (size before relaxing)
 .stab          0x0000000000000054       0x18 f:/mounriver/mounriver_studio/toolchain/risc-v embedded gcc/bin/../lib/gcc/riscv-none-embed/8.2.0/../../../../riscv-none-embed/lib/rv32imacxw/ilp32\libnosys.a(lseek.o)
                                         0x24 (size before relaxing)
 .stab          0x000000000000006c       0x18 f:/mounriver/mounriver_studio/toolchain/risc-v embedded gcc/bin/../lib/gcc/riscv-none-embed/8.2.0/../../../../riscv-none-embed/lib/rv32imacxw/ilp32\libnosys.a(read.o)
                                         0x24 (size before relaxing)

.stabstr        0x0000000000000000      0x117
 .stabstr       0x0000000000000000      0x117 f:/mounriver/mounriver_studio/toolchain/risc-v embedded gcc/bin/../lib/gcc/riscv-none-embed/8.2.0/../../../../riscv-none-embed/lib/rv32imacxw/ilp32\libnosys.a(close.o)
